
> react-portfo@0.0.0 build
> vite build

[36mvite v7.3.1 [32mbuilding client environment for production...[36m[39m
transforming...
[32mΓ£ô[39m 69 modules transformed.
node.exe : 
[33m[esbuild css 
minify]
At line:1 char:1
+ & "C:\Program Fil
es\nodejs/node.exe"
 "C:\Program Files\
nodejs/node_mo ...
+ ~~~~~~~~~~~~~~~~~
~~~~~~~~~~~~~~~~~~~
~~~~~~~~~~~~~~~~~~~
~~~~~~~~~~~~~~
    + CategoryInfo 
             : No  
  tSpecified: (   
 [33m[esbuild c    
ss minify]:Str    
ing) [], Remot    
eException
    + FullyQualifi 
   edErrorId : Na  
  tiveCommandErr   
 or
 
Γû▓ [WARNING] 
Comments in CSS 
use "/* ... */" 
instead of "//" 
[js-comment-in-css]

    <stdin>:18:0:
      18 Γöé // 
tailwind.config.js
         Γò╡ ~~


Γû▓ [WARNING] 
Expected 
identifier but 
found whitespace 
[css-syntax-error]

    <stdin>:20:8:
      20 Γöé   
theme: {
         Γò╡       
  ^


Γû▓ [WARNING] 
Expected 
identifier but 
found whitespace 
[css-syntax-error]

    <stdin>:21:11:
      21 Γöé     
extend: {
         Γò╡       
     ^


Γû▓ [WARNING] 
Expected 
identifier but 
found whitespace 
[css-syntax-error]

    <stdin>:22:17:
      22 Γöé       
fontFamily: {
         Γò╡       
           ^


Γû▓ [WARNING] 
Expected 
identifier but 
found "," 
[css-syntax-error]

    <stdin>:24:7:
      24 Γöé       
},
         Γò╡       
 ^


Γû▓ [WARNING] 
Expected 
identifier but 
found "," 
[css-syntax-error]

    <stdin>:25:5:
      25 Γöé     },
         Γò╡      ^


Γû▓ [WARNING] 
Expected 
identifier but 
found "," 
[css-syntax-error]

    <stdin>:26:3:
      26 Γöé   },
         Γò╡    ^

[39m
rendering chunks...
computing gzip size...
[2mdist/[22m[32mindex.html                   [39m[1m[2m    0.87 kB[22m[1m[22m[2m Γöé gzip:  0.52 kB[22m
[2mdist/[22m[32massets/react-CHdo91hT.svg    [39m[1m[2m    4.13 kB[22m[1m[22m[2m Γöé gzip:  2.05 kB[22m
[2mdist/[22m[32massets/js-BhnD7kay.png       [39m[1m[2m    9.69 kB[22m[1m[22m
[2mdist/[22m[32massets/avi-BcfvRGfs.png      [39m[1m[2m   29.01 kB[22m[1m[22m
[2mdist/[22m[32massets/Linux-BsaQAsRn.svg    [39m[1m[2m  193.92 kB[22m[1m[22m[2m Γöé gzip: 74.52 kB[22m
[2mdist/[22m[32massets/animate-BC4nEdko.png  [39m[1m[2m1,244.07 kB[22m[1m[22m
[2mdist/[22m[35massets/index-Cyzgrfmu.css    [39m[1m[2m    0.32 kB[22m[1m[22m[2m Γöé gzip:  0.22 kB[22m
[2mdist/[22m[36massets/index-Bq9hEtNc.js     [39m[1m[2m  304.68 kB[22m[1m[22m[2m Γöé gzip: 88.93 kB[22m
[32mΓ£ô built in 1.09s[39m
